../Core/Src/main.c:102:6:RS485_Send	16	static
../Core/Src/main.c:115:5:main	112	static
../Core/Src/main.c:302:6:SystemClock_Config	88	static
../Core/Src/main.c:351:13:MX_ADC1_Init	24	static
../Core/Src/main.c:398:13:MX_I2C1_Init	8	static
../Core/Src/main.c:432:13:MX_RTC_Init	8	static
../Core/Src/main.c:463:13:MX_TIM3_Init	32	static
../Core/Src/main.c:508:13:MX_USART1_UART_Init	8	static
../Core/Src/main.c:541:13:MX_USART2_UART_Init	8	static
../Core/Src/main.c:574:13:MX_GPIO_Init	40	static
../Core/Src/main.c:624:6:HAL_UART_RxCpltCallback	16	static
../Core/Src/main.c:635:6:HAL_TIM_PeriodElapsedCallback	16	static
../Core/Src/main.c:643:10:Get_ADC_Value	16	static
../Core/Src/main.c:652:10:ModBus_CRC16	32	static
../Core/Src/main.c:684:6:Write_Segment	16	static
../Core/Src/main.c:699:6:Select_Hardware_Digit	16	static
../Core/Src/main.c:708:6:Display_Scan_Loop	16	static,ignoring_inline_asm
../Core/Src/main.c:747:6:AT24C02_WriteOneByte	32	static
../Core/Src/main.c:758:9:AT24C02_ReadOneByte	40	static
../Core/Src/main.c:782:6:Error_Handler	4	static,ignoring_inline_asm
